[INFO] Scanning for projects...
[INFO] 
[INFO] ----------------------< com.inovalayer:mada-core >----------------------
[INFO] Building mada-core 0.0.1-SNAPSHOT
[INFO]   from pom.xml
[INFO] --------------------------------[ jar ]---------------------------------
[INFO] 
[INFO] --- clean:3.5.0:clean (default-clean) @ mada-core ---
[INFO] Deleting R:\InovaLayer 3D\inovalayer\mada-core\target
[INFO] 
[INFO] --- resources:3.3.1:resources (default-resources) @ mada-core ---
[INFO] Copying 1 resource from src\main\resources to target\classes
[INFO] Copying 2 resources from src\main\resources to target\classes
[INFO] 
[INFO] --- compiler:3.14.1:compile (default-compile) @ mada-core ---
[INFO] Recompiling the module because of changed source code.
[INFO] Compiling 39 source files with javac [debug parameters release 23] to target\classes
[INFO] -------------------------------------------------------------
[ERROR] COMPILATION ERROR : 
[INFO] -------------------------------------------------------------
[ERROR] /R:/InovaLayer 3D/inovalayer/mada-core/src/main/java/com/inovalayer/mada/core/mapper/OrcamentoMapper.java:[6,21] package org.mapstruct does not exist
[ERROR] /R:/InovaLayer 3D/inovalayer/mada-core/src/main/java/com/inovalayer/mada/core/mapper/OrcamentoMapper.java:[7,21] package org.mapstruct does not exist
[ERROR] /R:/InovaLayer 3D/inovalayer/mada-core/src/main/java/com/inovalayer/mada/core/mapper/OrcamentoMapper.java:[8,29] package org.mapstruct.factory does not exist
[ERROR] /R:/InovaLayer 3D/inovalayer/mada-core/src/main/java/com/inovalayer/mada/core/mapper/OrcamentoMapper.java:[13,2] cannot find symbol
  symbol: class Mapper
[ERROR] /R:/InovaLayer 3D/inovalayer/mada-core/src/main/java/com/inovalayer/mada/core/mapper/OrcamentoMapper.java:[16,6] cannot find symbol
  symbol:   class Mapping
  location: interface com.inovalayer.mada.core.mapper.OrcamentoMapper
[ERROR] /R:/InovaLayer 3D/inovalayer/mada-core/src/main/java/com/inovalayer/mada/core/mapper/OrcamentoMapper.java:[17,6] cannot find symbol
  symbol:   class Mapping
  location: interface com.inovalayer.mada.core.mapper.OrcamentoMapper
[ERROR] /R:/InovaLayer 3D/inovalayer/mada-core/src/main/java/com/inovalayer/mada/core/mapper/OrcamentoMapper.java:[18,6] cannot find symbol
  symbol:   class Mapping
  location: interface com.inovalayer.mada.core.mapper.OrcamentoMapper
[ERROR] /R:/InovaLayer 3D/inovalayer/mada-core/src/main/java/com/inovalayer/mada/core/mapper/OrcamentoMapper.java:[19,6] cannot find symbol
  symbol:   class Mapping
  location: interface com.inovalayer.mada.core.mapper.OrcamentoMapper
[ERROR] /R:/InovaLayer 3D/inovalayer/mada-core/src/main/java/com/inovalayer/mada/core/mapper/OrcamentoMapper.java:[20,6] cannot find symbol
  symbol:   class Mapping
  location: interface com.inovalayer.mada.core.mapper.OrcamentoMapper
[ERROR] /R:/InovaLayer 3D/inovalayer/mada-core/src/main/java/com/inovalayer/mada/core/mapper/OrcamentoMapper.java:[21,6] cannot find symbol
  symbol:   class Mapping
  location: interface com.inovalayer.mada.core.mapper.OrcamentoMapper
[ERROR] /R:/InovaLayer 3D/inovalayer/mada-core/src/main/java/com/inovalayer/mada/core/mapper/OrcamentoMapper.java:[23,6] cannot find symbol
  symbol:   class Mapping
  location: interface com.inovalayer.mada.core.mapper.OrcamentoMapper
[ERROR] /R:/InovaLayer 3D/inovalayer/mada-core/src/main/java/com/inovalayer/mada/core/mapper/OrcamentoMapper.java:[24,6] cannot find symbol
  symbol:   class Mapping
  location: interface com.inovalayer.mada.core.mapper.OrcamentoMapper
[ERROR] /R:/InovaLayer 3D/inovalayer/mada-core/src/main/java/com/inovalayer/mada/core/mapper/OrcamentoMapper.java:[25,6] cannot find symbol
  symbol:   class Mapping
  location: interface com.inovalayer.mada.core.mapper.OrcamentoMapper
[ERROR] /R:/InovaLayer 3D/inovalayer/mada-core/src/main/java/com/inovalayer/mada/core/mapper/OrcamentoMapper.java:[26,6] cannot find symbol
  symbol:   class Mapping
  location: interface com.inovalayer.mada.core.mapper.OrcamentoMapper
[ERROR] /R:/InovaLayer 3D/inovalayer/mada-core/src/main/java/com/inovalayer/mada/core/mapper/OrcamentoMapper.java:[27,6] cannot find symbol
  symbol:   class Mapping
  location: interface com.inovalayer.mada.core.mapper.OrcamentoMapper
[ERROR] /R:/InovaLayer 3D/inovalayer/mada-core/src/main/java/com/inovalayer/mada/core/mapper/OrcamentoMapper.java:[28,6] cannot find symbol
  symbol:   class Mapping
  location: interface com.inovalayer.mada.core.mapper.OrcamentoMapper
[ERROR] /R:/InovaLayer 3D/inovalayer/mada-core/src/main/java/com/inovalayer/mada/core/mapper/OrcamentoMapper.java:[29,6] cannot find symbol
  symbol:   class Mapping
  location: interface com.inovalayer.mada.core.mapper.OrcamentoMapper
[ERROR] /R:/InovaLayer 3D/inovalayer/mada-core/src/main/java/com/inovalayer/mada/core/mapper/OrcamentoMapper.java:[30,6] cannot find symbol
  symbol:   class Mapping
  location: interface com.inovalayer.mada.core.mapper.OrcamentoMapper
[ERROR] /R:/InovaLayer 3D/inovalayer/mada-core/src/main/java/com/inovalayer/mada/core/mapper/OrcamentoMapper.java:[32,6] cannot find symbol
  symbol:   class Mapping
  location: interface com.inovalayer.mada.core.mapper.OrcamentoMapper
[ERROR] /R:/InovaLayer 3D/inovalayer/mada-core/src/main/java/com/inovalayer/mada/core/mapper/OrcamentoMapper.java:[33,6] cannot find symbol
  symbol:   class Mapping
  location: interface com.inovalayer.mada.core.mapper.OrcamentoMapper
[ERROR] /R:/InovaLayer 3D/inovalayer/mada-core/src/main/java/com/inovalayer/mada/core/mapper/OrcamentoMapper.java:[35,6] cannot find symbol
  symbol:   class Mapping
  location: interface com.inovalayer.mada.core.mapper.OrcamentoMapper
[ERROR] /R:/InovaLayer 3D/inovalayer/mada-core/src/main/java/com/inovalayer/mada/core/mapper/OrcamentoMapper.java:[36,6] cannot find symbol
  symbol:   class Mapping
  location: interface com.inovalayer.mada.core.mapper.OrcamentoMapper
[ERROR] /R:/InovaLayer 3D/inovalayer/mada-core/src/main/java/com/inovalayer/mada/core/mapper/OrcamentoMapper.java:[37,6] cannot find symbol
  symbol:   class Mapping
  location: interface com.inovalayer.mada.core.mapper.OrcamentoMapper
[ERROR] /R:/InovaLayer 3D/inovalayer/mada-core/src/main/java/com/inovalayer/mada/core/mapper/OrcamentoMapper.java:[38,6] cannot find symbol
  symbol:   class Mapping
  location: interface com.inovalayer.mada.core.mapper.OrcamentoMapper
[ERROR] /R:/InovaLayer 3D/inovalayer/mada-core/src/main/java/com/inovalayer/mada/core/mapper/OrcamentoMapper.java:[39,6] cannot find symbol
  symbol:   class Mapping
  location: interface com.inovalayer.mada.core.mapper.OrcamentoMapper
[INFO] 25 errors 
[INFO] -------------------------------------------------------------
[INFO] ------------------------------------------------------------------------
[INFO] BUILD FAILURE
[INFO] ------------------------------------------------------------------------
[INFO] Total time:  6.436 s
[INFO] Finished at: 2026-03-16T18:23:10-03:00
[INFO] ------------------------------------------------------------------------
[ERROR] Failed to execute goal org.apache.maven.plugins:maven-compiler-plugin:3.14.1:compile (default-compile) on project mada-core: Compilation failure: Compilation failure: 
[ERROR] /R:/InovaLayer 3D/inovalayer/mada-core/src/main/java/com/inovalayer/mada/core/mapper/OrcamentoMapper.java:[6,21] package org.mapstruct does not exist
[ERROR] /R:/InovaLayer 3D/inovalayer/mada-core/src/main/java/com/inovalayer/mada/core/mapper/OrcamentoMapper.java:[7,21] package org.mapstruct does not exist
[ERROR] /R:/InovaLayer 3D/inovalayer/mada-core/src/main/java/com/inovalayer/mada/core/mapper/OrcamentoMapper.java:[8,29] package org.mapstruct.factory does not exist
[ERROR] /R:/InovaLayer 3D/inovalayer/mada-core/src/main/java/com/inovalayer/mada/core/mapper/OrcamentoMapper.java:[13,2] cannot find symbol
[ERROR]   symbol: class Mapper
[ERROR] /R:/InovaLayer 3D/inovalayer/mada-core/src/main/java/com/inovalayer/mada/core/mapper/OrcamentoMapper.java:[16,6] cannot find symbol
[ERROR]   symbol:   class Mapping
[ERROR]   location: interface com.inovalayer.mada.core.mapper.OrcamentoMapper
[ERROR] /R:/InovaLayer 3D/inovalayer/mada-core/src/main/java/com/inovalayer/mada/core/mapper/OrcamentoMapper.java:[17,6] cannot find symbol
[ERROR]   symbol:   class Mapping
[ERROR]   location: interface com.inovalayer.mada.core.mapper.OrcamentoMapper
[ERROR] /R:/InovaLayer 3D/inovalayer/mada-core/src/main/java/com/inovalayer/mada/core/mapper/OrcamentoMapper.java:[18,6] cannot find symbol
[ERROR]   symbol:   class Mapping
[ERROR]   location: interface com.inovalayer.mada.core.mapper.OrcamentoMapper
[ERROR] /R:/InovaLayer 3D/inovalayer/mada-core/src/main/java/com/inovalayer/mada/core/mapper/OrcamentoMapper.java:[19,6] cannot find symbol
[ERROR]   symbol:   class Mapping
[ERROR]   location: interface com.inovalayer.mada.core.mapper.OrcamentoMapper
[ERROR] /R:/InovaLayer 3D/inovalayer/mada-core/src/main/java/com/inovalayer/mada/core/mapper/OrcamentoMapper.java:[20,6] cannot find symbol
[ERROR]   symbol:   class Mapping
[ERROR]   location: interface com.inovalayer.mada.core.mapper.OrcamentoMapper
[ERROR] /R:/InovaLayer 3D/inovalayer/mada-core/src/main/java/com/inovalayer/mada/core/mapper/OrcamentoMapper.java:[21,6] cannot find symbol
[ERROR]   symbol:   class Mapping
[ERROR]   location: interface com.inovalayer.mada.core.mapper.OrcamentoMapper
[ERROR] /R:/InovaLayer 3D/inovalayer/mada-core/src/main/java/com/inovalayer/mada/core/mapper/OrcamentoMapper.java:[23,6] cannot find symbol
[ERROR]   symbol:   class Mapping
[ERROR]   location: interface com.inovalayer.mada.core.mapper.OrcamentoMapper
[ERROR] /R:/InovaLayer 3D/inovalayer/mada-core/src/main/java/com/inovalayer/mada/core/mapper/OrcamentoMapper.java:[24,6] cannot find symbol
[ERROR]   symbol:   class Mapping
[ERROR]   location: interface com.inovalayer.mada.core.mapper.OrcamentoMapper
[ERROR] /R:/InovaLayer 3D/inovalayer/mada-core/src/main/java/com/inovalayer/mada/core/mapper/OrcamentoMapper.java:[25,6] cannot find symbol
[ERROR]   symbol:   class Mapping
[ERROR]   location: interface com.inovalayer.mada.core.mapper.OrcamentoMapper
[ERROR] /R:/InovaLayer 3D/inovalayer/mada-core/src/main/java/com/inovalayer/mada/core/mapper/OrcamentoMapper.java:[26,6] cannot find symbol
[ERROR]   symbol:   class Mapping
[ERROR]   location: interface com.inovalayer.mada.core.mapper.OrcamentoMapper
[ERROR] /R:/InovaLayer 3D/inovalayer/mada-core/src/main/java/com/inovalayer/mada/core/mapper/OrcamentoMapper.java:[27,6] cannot find symbol
[ERROR]   symbol:   class Mapping
[ERROR]   location: interface com.inovalayer.mada.core.mapper.OrcamentoMapper
[ERROR] /R:/InovaLayer 3D/inovalayer/mada-core/src/main/java/com/inovalayer/mada/core/mapper/OrcamentoMapper.java:[28,6] cannot find symbol
[ERROR]   symbol:   class Mapping
[ERROR]   location: interface com.inovalayer.mada.core.mapper.OrcamentoMapper
[ERROR] /R:/InovaLayer 3D/inovalayer/mada-core/src/main/java/com/inovalayer/mada/core/mapper/OrcamentoMapper.java:[29,6] cannot find symbol
[ERROR]   symbol:   class Mapping
[ERROR]   location: interface com.inovalayer.mada.core.mapper.OrcamentoMapper
[ERROR] /R:/InovaLayer 3D/inovalayer/mada-core/src/main/java/com/inovalayer/mada/core/mapper/OrcamentoMapper.java:[30,6] cannot find symbol
[ERROR]   symbol:   class Mapping
[ERROR]   location: interface com.inovalayer.mada.core.mapper.OrcamentoMapper
[ERROR] /R:/InovaLayer 3D/inovalayer/mada-core/src/main/java/com/inovalayer/mada/core/mapper/OrcamentoMapper.java:[32,6] cannot find symbol
[ERROR]   symbol:   class Mapping
[ERROR]   location: interface com.inovalayer.mada.core.mapper.OrcamentoMapper
[ERROR] /R:/InovaLayer 3D/inovalayer/mada-core/src/main/java/com/inovalayer/mada/core/mapper/OrcamentoMapper.java:[33,6] cannot find symbol
[ERROR]   symbol:   class Mapping
[ERROR]   location: interface com.inovalayer.mada.core.mapper.OrcamentoMapper
[ERROR] /R:/InovaLayer 3D/inovalayer/mada-core/src/main/java/com/inovalayer/mada/core/mapper/OrcamentoMapper.java:[35,6] cannot find symbol
[ERROR]   symbol:   class Mapping
[ERROR]   location: interface com.inovalayer.mada.core.mapper.OrcamentoMapper
[ERROR] /R:/InovaLayer 3D/inovalayer/mada-core/src/main/java/com/inovalayer/mada/core/mapper/OrcamentoMapper.java:[36,6] cannot find symbol
[ERROR]   symbol:   class Mapping
[ERROR]   location: interface com.inovalayer.mada.core.mapper.OrcamentoMapper
[ERROR] /R:/InovaLayer 3D/inovalayer/mada-core/src/main/java/com/inovalayer/mada/core/mapper/OrcamentoMapper.java:[37,6] cannot find symbol
[ERROR]   symbol:   class Mapping
[ERROR]   location: interface com.inovalayer.mada.core.mapper.OrcamentoMapper
[ERROR] /R:/InovaLayer 3D/inovalayer/mada-core/src/main/java/com/inovalayer/mada/core/mapper/OrcamentoMapper.java:[38,6] cannot find symbol
[ERROR]   symbol:   class Mapping
[ERROR]   location: interface com.inovalayer.mada.core.mapper.OrcamentoMapper
[ERROR] /R:/InovaLayer 3D/inovalayer/mada-core/src/main/java/com/inovalayer/mada/core/mapper/OrcamentoMapper.java:[39,6] cannot find symbol
[ERROR]   symbol:   class Mapping
[ERROR]   location: interface com.inovalayer.mada.core.mapper.OrcamentoMapper
[ERROR] -> [Help 1]
[ERROR] 
[ERROR] To see the full stack trace of the errors, re-run Maven with the -e switch.
[ERROR] Re-run Maven using the -X switch to enable full debug logging.
[ERROR] 
[ERROR] For more information about the errors and possible solutions, please read the following articles:
[ERROR] [Help 1] http://cwiki.apache.org/confluence/display/MAVEN/MojoFailureException
